
> gymboost@0.1.0 build
> next build

▲ Next.js 16.1.1 (Turbopack)
- Environments: .env.local, .env.production

  Creating an optimized production build ...
✓ Compiled successfully in 2.9s
  Running TypeScript ...
  Collecting page data using 7 workers ...
⚠ Using edge runtime on a page currently disables static generation for that page
  Generating static pages using 7 workers (0/17) ...
  Generating static pages using 7 workers (4/17) 
  Generating static pages using 7 workers (8/17) 
  Generating static pages using 7 workers (12/17) 
✓ Generating static pages using 7 workers (17/17) in 208.9ms
  Finalizing page optimization ...

Route (app)
┌ ○ /
├ ○ /_not-found
├ ƒ /api/admin/verify-email
├ ƒ /api/admin/verify-email/confirm
├ ƒ /api/ai/health
├ ƒ /api/health/resend
├ ○ /gate
├ ○ /gyms
├ ƒ /gyms/[id]
├ ○ /health
├ ○ /health/logs
├ ƒ /icon-192
├ ƒ /icon-512
├ ○ /inventory
├ ○ /login
├ ○ /manifest.webmanifest
├ ○ /revenue
├ ○ /settings
├ ○ /users
├ ƒ /users/[id]
├ ○ /verify
└ ○ /verify-pattern


ƒ Proxy (Middleware)

○  (Static)   prerendered as static content
ƒ  (Dynamic)  server-rendered on demand

